## trustdiff: 3 subjects, 1 block, 1 warn, 0 info, 1 skipped check

| Package | Level | Check | Finding | Location |
| --- | --- | --- | --- | --- |
| npm:example-lib@4.19.3 | block | TD002 publisher-changed | Publisher of 4.19.3 is not among the previous publishers | package-lock.json:42 |
| npm:example-lib@4.19.3 | warn | TD001 young-version | Version is 6 hours old | package-lock.json:42 |

pypi:example-tool@2.0.0: no findings, 1 skipped check (TD001: pypi.org unavailable in offline mode and no cached response).

Exit code 1 (blocking findings).
